// Jest Snapshot v1, https://goo.gl/fbAQLP

exports[`<Header /> should render a div 1`] = `
<div>
  <a
    class="A-b8ct9m-0 A-sc-855hw5-0 fOhTXx"
    href="https://www.reactboilerplate.com/"
  >
    <img
      alt="react-boilerplate - Logo"
      class="Img-sc-8jjpwc-0 cbBMOf"
      src="IMAGE_MOCK"
    />
  </a>
  <div
    class="NavBar-sc-1qrvjzx-0 AcPeu"
  >
    <a
      class="HeaderLink-sc-1ksi6lq-0 SVohI"
      href="/"
    >
      <span>
        Home
      </span>
    </a>
    <a
      class="HeaderLink-sc-1ksi6lq-0 SVohI"
      href="/features"
    >
      <span>
        Features
      </span>
    </a>
  </div>
</div>
`;
