// Jest Snapshot v1, https://goo.gl/fbAQLP

exports[`<HomePage /> should render and match the snapshot 1`] = `
<article>
  <div>
    <section
      class="Section-sc-1wj5u5n-0 CenteredSection-sc-106nho-0 jHLRXR"
    >
      <h2
        class="H2-sc-1bvdy80-0 jPRSe"
      >
        <span>
          Start your next react project in seconds
        </span>
      </h2>
      <p>
        <span>
          A highly scalable, offline-first foundation with the best DX and a focus on performance and best practices
        </span>
      </p>
    </section>
    <section
      class="Section-sc-1wj5u5n-0 ifEjyl"
    >
      <h2
        class="H2-sc-1bvdy80-0 jPRSe"
      >
        <span>
          Try me!
        </span>
      </h2>
      <form
        class="Form-sc-4ohinz-0 cAOPol"
      >
        <label
          for="username"
        >
          <span>
            Show Github repositories by
          </span>
          <span
            class="AtPrefix-sc-4dlp65-0 bAlJKl"
          >
            <span>
              @
            </span>
          </span>
          <input
            class="Input-sc-1axn1sp-0 dWRyZY"
            id="username"
            placeholder="mxstbr"
            type="text"
            value=""
          />
        </label>
      </form>
      <div
        class="Wrapper-uv0q26-0 cQLMyL"
      >
        <ul
          class="Ul-sc-26hcb-0 loYZGt"
        />
      </div>
    </section>
  </div>
</article>
`;
