// Jest Snapshot v1, https://goo.gl/fbAQLP

exports[`<ReposList /> should render the loading indicator when its loading 1`] = `
<div
  class="Wrapper-uv0q26-0 cQLMyL"
>
  <ul
    class="Ul-sc-26hcb-0 loYZGt"
  >
    <div
      class="Wrapper-uy6gr9-0 kZyLEA"
    >
      <div
        class="Circle__CirclePrimitive-o7izcw-0 euWvbd"
      />
      <div
        class="Circle__CirclePrimitive-o7izcw-0 fBePZh"
      />
      <div
        class="Circle__CirclePrimitive-o7izcw-0 iEmRtg"
      />
      <div
        class="Circle__CirclePrimitive-o7izcw-0 dDFdnt"
      />
      <div
        class="Circle__CirclePrimitive-o7izcw-0 jljRLI"
      />
      <div
        class="Circle__CirclePrimitive-o7izcw-0 dlrWcc"
      />
      <div
        class="Circle__CirclePrimitive-o7izcw-0 bntPev"
      />
      <div
        class="Circle__CirclePrimitive-o7izcw-0 iGedcf"
      />
      <div
        class="Circle__CirclePrimitive-o7izcw-0 jSPFHG"
      />
      <div
        class="Circle__CirclePrimitive-o7izcw-0 hDTqnT"
      />
      <div
        class="Circle__CirclePrimitive-o7izcw-0 hQnaOf"
      />
      <div
        class="Circle__CirclePrimitive-o7izcw-0 grhfcO"
      />
    </div>
  </ul>
</div>
`;

exports[`<ReposList /> should render the repositories if loading was successful 1`] = `
<div
  class="Wrapper-uv0q26-0 cQLMyL"
>
  <ul
    class="Ul-sc-26hcb-0 loYZGt"
  >
    <li
      class="Wrapper-sc-142rljh-0 fGCrnc"
    >
      <div
        class="Item-wavia-0 ibTPiE"
      >
        <div
          class="Wrapper-ym7b6w-0 zFcwP"
        >
          <a
            class="A-b8ct9m-0 RepoLink-sc-1s0t53-0 fNZuXC"
            href="https://github.com/react-boilerplate/react-boilerplate"
            target="_blank"
          >
            react-boilerplate
          </a>
          <a
            class="A-b8ct9m-0 IssueLink-fgdpek-0 iRJFOW"
            href="https://github.com/react-boilerplate/react-boilerplate/issues"
            target="_blank"
          >
            <svg
              class="IssueIcon-sc-1qm5f98-0 zMsFN"
              height="1em"
              width="0.875em"
            >
              <path
                d="M7 2.3c3.14 0 5.7 2.56 5.7 5.7S10.14 13.7 7 13.7 1.3 11.14 1.3 8s2.56-5.7 5.7-5.7m0-1.3C3.14 1 0 4.14 0 8s3.14 7 7 7 7-3.14 7-7S10.86 1 7 1z m1 3H6v5h2V4z m0 6H6v2h2V10z"
              />
            </svg>
            <span>
              20
            </span>
          </a>
        </div>
      </div>
    </li>
  </ul>
</div>
`;
